[0.026s] Invoking command in '/home/cs0/ddanie31/csci458_ws/build/mecanum_robot': CMAKE_PREFIX_PATH=/opt/ros/humble /usr/bin/cmake /home/cs0/ddanie31/csci458_ws/src/mecanum_robot -DAMENT_CMAKE_SYMLINK_INSTALL=1 -DCMAKE_INSTALL_PREFIX=/home/cs0/ddanie31/csci458_ws/install/mecanum_robot
[0.187s] -- The C compiler identification is GNU 11.4.0
[0.342s] -- The CXX compiler identification is GNU 11.4.0
[0.358s] -- Detecting C compiler ABI info
[0.511s] -- Detecting C compiler ABI info - done
[0.523s] -- Check for working C compiler: /usr/bin/cc - skipped
[0.524s] -- Detecting C compile features
[0.524s] -- Detecting C compile features - done
[0.536s] -- Detecting CXX compiler ABI info
[0.711s] -- Detecting CXX compiler ABI info - done
[0.721s] -- Check for working CXX compiler: /usr/bin/c++ - skipped
[0.721s] -- Detecting CXX compile features
[0.721s] -- Detecting CXX compile features - done
[0.738s] -- Found ament_cmake: 1.3.14 (/opt/ros/humble/share/ament_cmake/cmake)
[0.860s] -- Found Python3: /usr/bin/python3 (found version "3.10.12") found components: Interpreter 
[0.926s] -- Override CMake install command with custom implementation using symlinks instead of copying resources
[0.991s] -- Found ament_lint_auto: 0.12.15 (/opt/ros/humble/share/ament_lint_auto/cmake)
[1.066s] [31mCMake Error at /opt/ros/humble/share/ament_cmake_core/cmake/symlink_install/install.cmake:43 (_install):
[1.066s]   _install does not recognize sub-command DIRCTORY
[1.066s] Call Stack (most recent call first):
[1.066s]   CMakeLists.txt:26 (install)
[1.066s] 
[1.066s] [0m
[1.170s] -- Added test 'lint_cmake' to check CMake code style
[1.191s] -- Added test 'xmllint' to check XML markup files
[1.223s] -- Configuring incomplete, errors occurred!
[1.223s] See also "/home/cs0/ddanie31/csci458_ws/build/mecanum_robot/CMakeFiles/CMakeOutput.log".
[1.230s] Invoked command in '/home/cs0/ddanie31/csci458_ws/build/mecanum_robot' returned '1': CMAKE_PREFIX_PATH=/opt/ros/humble /usr/bin/cmake /home/cs0/ddanie31/csci458_ws/src/mecanum_robot -DAMENT_CMAKE_SYMLINK_INSTALL=1 -DCMAKE_INSTALL_PREFIX=/home/cs0/ddanie31/csci458_ws/install/mecanum_robot
