-- Found ament_cmake: 1.3.14 (/opt/ros/humble/share/ament_cmake/cmake)
-- Override CMake install command with custom implementation using symlinks instead of copying resources
-- Found ament_lint_auto: 0.12.15 (/opt/ros/humble/share/ament_lint_auto/cmake)
-- Added test 'cppcheck' to perform static code analysis on C / C++ code
-- Configured cppcheck include dirs: 
-- Configured cppcheck exclude dirs and/or files: 
-- Added test 'flake8' to check Python code syntax and style conventions
-- Added test 'lint_cmake' to check CMake code style
-- Added test 'pep257' to check Python code against some of the docstring style conventions in PEP 257
-- Added test 'uncrustify' to check C / C++ code style
-- Configured uncrustify additional arguments: 
-- Added test 'xmllint' to check XML markup files
-- Configuring done
-- Generating done
-- Build files have been written to: /home/cs0/ddanie31/csci458_ws/build/mecanum_robot
-- Install configuration: ""
-- Execute custom install script
-- Symlinking: /home/cs0/ddanie31/csci458_ws/install/mecanum_robot/share/mecanum_robot/urdf/mecanum_robot.urdf.xacro
-- Symlinking: /home/cs0/ddanie31/csci458_ws/install/mecanum_robot/share/mecanum_robot/urdf/mecanum_robot.urdf.xacro~
-- Symlinking: /home/cs0/ddanie31/csci458_ws/install/mecanum_robot/share/ament_index/resource_index/package_run_dependencies/mecanum_robot
-- Symlinking: /home/cs0/ddanie31/csci458_ws/install/mecanum_robot/share/ament_index/resource_index/parent_prefix_path/mecanum_robot
-- Symlinking: /home/cs0/ddanie31/csci458_ws/install/mecanum_robot/share/mecanum_robot/environment/ament_prefix_path.sh
-- Symlinking: /home/cs0/ddanie31/csci458_ws/install/mecanum_robot/share/mecanum_robot/environment/ament_prefix_path.dsv
-- Symlinking: /home/cs0/ddanie31/csci458_ws/install/mecanum_robot/share/mecanum_robot/environment/path.sh
-- Symlinking: /home/cs0/ddanie31/csci458_ws/install/mecanum_robot/share/mecanum_robot/environment/path.dsv
-- Symlinking: /home/cs0/ddanie31/csci458_ws/install/mecanum_robot/share/mecanum_robot/local_setup.bash
-- Symlinking: /home/cs0/ddanie31/csci458_ws/install/mecanum_robot/share/mecanum_robot/local_setup.sh
-- Symlinking: /home/cs0/ddanie31/csci458_ws/install/mecanum_robot/share/mecanum_robot/local_setup.zsh
-- Symlinking: /home/cs0/ddanie31/csci458_ws/install/mecanum_robot/share/mecanum_robot/local_setup.dsv
-- Symlinking: /home/cs0/ddanie31/csci458_ws/install/mecanum_robot/share/mecanum_robot/package.dsv
-- Symlinking: /home/cs0/ddanie31/csci458_ws/install/mecanum_robot/share/ament_index/resource_index/packages/mecanum_robot
-- Symlinking: /home/cs0/ddanie31/csci458_ws/install/mecanum_robot/share/mecanum_robot/cmake/mecanum_robotConfig.cmake
-- Symlinking: /home/cs0/ddanie31/csci458_ws/install/mecanum_robot/share/mecanum_robot/cmake/mecanum_robotConfig-version.cmake
-- Symlinking: /home/cs0/ddanie31/csci458_ws/install/mecanum_robot/share/mecanum_robot/package.xml
