[0.021s] Invoking command in '/home/cs0/ddanie31/csci458_ws/build/mecanum_robot': CMAKE_PREFIX_PATH=/opt/ros/humble /usr/bin/cmake /home/cs0/ddanie31/csci458_ws/src/mecanum_robot -DAMENT_CMAKE_SYMLINK_INSTALL=1 -DCMAKE_INSTALL_PREFIX=/home/cs0/ddanie31/csci458_ws/install/mecanum_robot
[0.029s] -- Found ament_cmake: 1.3.14 (/opt/ros/humble/share/ament_cmake/cmake)
[0.112s] -- Override CMake install command with custom implementation using symlinks instead of copying resources
[0.137s] -- Found ament_lint_auto: 0.12.15 (/opt/ros/humble/share/ament_lint_auto/cmake)
[0.349s] -- Added test 'cppcheck' to perform static code analysis on C / C++ code
[0.349s] -- Configured cppcheck include dirs: 
[0.349s] -- Configured cppcheck exclude dirs and/or files: 
[0.361s] -- Added test 'flake8' to check Python code syntax and style conventions
[0.384s] -- Added test 'lint_cmake' to check CMake code style
[0.394s] -- Added test 'pep257' to check Python code against some of the docstring style conventions in PEP 257
[0.479s] -- Added test 'uncrustify' to check C / C++ code style
[0.479s] -- Configured uncrustify additional arguments: 
[0.491s] -- Added test 'xmllint' to check XML markup files
[0.510s] -- Configuring done
[0.584s] -- Generating done
[0.620s] -- Build files have been written to: /home/cs0/ddanie31/csci458_ws/build/mecanum_robot
[0.622s] Invoked command in '/home/cs0/ddanie31/csci458_ws/build/mecanum_robot' returned '0': CMAKE_PREFIX_PATH=/opt/ros/humble /usr/bin/cmake /home/cs0/ddanie31/csci458_ws/src/mecanum_robot -DAMENT_CMAKE_SYMLINK_INSTALL=1 -DCMAKE_INSTALL_PREFIX=/home/cs0/ddanie31/csci458_ws/install/mecanum_robot
[0.627s] Invoking command in '/home/cs0/ddanie31/csci458_ws/build/mecanum_robot': CMAKE_PREFIX_PATH=/opt/ros/humble /usr/bin/cmake --build /home/cs0/ddanie31/csci458_ws/build/mecanum_robot -- -j16 -l16
[0.653s] Invoked command in '/home/cs0/ddanie31/csci458_ws/build/mecanum_robot' returned '0': CMAKE_PREFIX_PATH=/opt/ros/humble /usr/bin/cmake --build /home/cs0/ddanie31/csci458_ws/build/mecanum_robot -- -j16 -l16
[0.664s] Invoking command in '/home/cs0/ddanie31/csci458_ws/build/mecanum_robot': CMAKE_PREFIX_PATH=/opt/ros/humble /usr/bin/cmake --install /home/cs0/ddanie31/csci458_ws/build/mecanum_robot
[0.669s] -- Install configuration: ""
[0.671s] -- Execute custom install script
[0.676s] -- Symlinking: /home/cs0/ddanie31/csci458_ws/install/mecanum_robot/share/mecanum_robot/urdf/mecanum_robot.urdf.xacro
[0.683s] -- Symlinking: /home/cs0/ddanie31/csci458_ws/install/mecanum_robot/share/mecanum_robot/urdf/mecanum_robot.urdf.xacro~
[0.699s] -- Symlinking: /home/cs0/ddanie31/csci458_ws/install/mecanum_robot/share/ament_index/resource_index/package_run_dependencies/mecanum_robot
[0.708s] -- Symlinking: /home/cs0/ddanie31/csci458_ws/install/mecanum_robot/share/ament_index/resource_index/parent_prefix_path/mecanum_robot
[0.717s] -- Symlinking: /home/cs0/ddanie31/csci458_ws/install/mecanum_robot/share/mecanum_robot/environment/ament_prefix_path.sh
[0.724s] -- Symlinking: /home/cs0/ddanie31/csci458_ws/install/mecanum_robot/share/mecanum_robot/environment/ament_prefix_path.dsv
[0.732s] -- Symlinking: /home/cs0/ddanie31/csci458_ws/install/mecanum_robot/share/mecanum_robot/environment/path.sh
[0.740s] -- Symlinking: /home/cs0/ddanie31/csci458_ws/install/mecanum_robot/share/mecanum_robot/environment/path.dsv
[0.748s] -- Symlinking: /home/cs0/ddanie31/csci458_ws/install/mecanum_robot/share/mecanum_robot/local_setup.bash
[0.759s] -- Symlinking: /home/cs0/ddanie31/csci458_ws/install/mecanum_robot/share/mecanum_robot/local_setup.sh
[0.770s] -- Symlinking: /home/cs0/ddanie31/csci458_ws/install/mecanum_robot/share/mecanum_robot/local_setup.zsh
[0.781s] -- Symlinking: /home/cs0/ddanie31/csci458_ws/install/mecanum_robot/share/mecanum_robot/local_setup.dsv
[0.793s] -- Symlinking: /home/cs0/ddanie31/csci458_ws/install/mecanum_robot/share/mecanum_robot/package.dsv
[0.810s] -- Symlinking: /home/cs0/ddanie31/csci458_ws/install/mecanum_robot/share/ament_index/resource_index/packages/mecanum_robot
[0.819s] -- Symlinking: /home/cs0/ddanie31/csci458_ws/install/mecanum_robot/share/mecanum_robot/cmake/mecanum_robotConfig.cmake
[0.826s] -- Symlinking: /home/cs0/ddanie31/csci458_ws/install/mecanum_robot/share/mecanum_robot/cmake/mecanum_robotConfig-version.cmake
[0.834s] -- Symlinking: /home/cs0/ddanie31/csci458_ws/install/mecanum_robot/share/mecanum_robot/package.xml
[0.841s] Invoked command in '/home/cs0/ddanie31/csci458_ws/build/mecanum_robot' returned '0': CMAKE_PREFIX_PATH=/opt/ros/humble /usr/bin/cmake --install /home/cs0/ddanie31/csci458_ws/build/mecanum_robot
