[0.071s] DEBUG:colcon:Command line arguments: ['/usr/bin/colcon', 'build', '--symlink-install', '--packages-select', 'mecanum_robot']
[0.071s] DEBUG:colcon:Parsed command line arguments: Namespace(log_base=None, log_level=None, verb_name='build', build_base='build', install_base='install', merge_install=False, symlink_install=True, test_result_base=None, continue_on_error=False, executor='parallel', parallel_workers=16, event_handlers=None, ignore_user_meta=False, metas=['./colcon.meta'], base_paths=['.'], packages_ignore=None, packages_ignore_regex=None, paths=None, packages_up_to=None, packages_up_to_regex=None, packages_above=None, packages_above_and_dependencies=None, packages_above_depth=None, packages_select_by_dep=None, packages_skip_by_dep=None, packages_skip_up_to=None, packages_select_build_failed=False, packages_skip_build_finished=False, packages_select_test_failures=False, packages_skip_test_passed=False, packages_select=['mecanum_robot'], packages_skip=None, packages_select_regex=None, packages_skip_regex=None, packages_start=None, packages_end=None, allow_overriding=[], cmake_args=None, cmake_target=None, cmake_target_skip_unavailable=False, cmake_clean_cache=False, cmake_clean_first=False, cmake_force_configure=False, ament_cmake_args=None, catkin_cmake_args=None, catkin_skip_building_tests=False, mixin_files=None, mixin=None, verb_parser=<colcon_mixin.mixin.mixin_argument.MixinArgumentDecorator object at 0x75159934a530>, verb_extension=<colcon_core.verb.build.BuildVerb object at 0x75159934a080>, main=<bound method BuildVerb.main of <colcon_core.verb.build.BuildVerb object at 0x75159934a080>>, mixin_verb=('build',))
[0.176s] Level 1:colcon.colcon_core.package_discovery:discover_packages(colcon_meta) check parameters
[0.177s] Level 1:colcon.colcon_core.package_discovery:discover_packages(recursive) check parameters
[0.177s] Level 1:colcon.colcon_core.package_discovery:discover_packages(ignore) check parameters
[0.177s] Level 1:colcon.colcon_core.package_discovery:discover_packages(path) check parameters
[0.177s] Level 1:colcon.colcon_core.package_discovery:discover_packages(colcon_meta) discover
[0.177s] Level 1:colcon.colcon_core.package_discovery:discover_packages(recursive) discover
[0.177s] INFO:colcon.colcon_core.package_discovery:Crawling recursively for packages in '/home/cs0/ddanie31/csci458_ws'
[0.177s] Level 1:colcon.colcon_core.package_identification:_identify(.) by extensions ['ignore', 'ignore_ament_install']
[0.177s] Level 1:colcon.colcon_core.package_identification:_identify(.) by extension 'ignore'
[0.177s] Level 1:colcon.colcon_core.package_identification:_identify(.) by extension 'ignore_ament_install'
[0.177s] Level 1:colcon.colcon_core.package_identification:_identify(.) by extensions ['colcon_pkg']
[0.177s] Level 1:colcon.colcon_core.package_identification:_identify(.) by extension 'colcon_pkg'
[0.177s] Level 1:colcon.colcon_core.package_identification:_identify(.) by extensions ['colcon_meta']
[0.177s] Level 1:colcon.colcon_core.package_identification:_identify(.) by extension 'colcon_meta'
[0.177s] Level 1:colcon.colcon_core.package_identification:_identify(.) by extensions ['ros']
[0.177s] Level 1:colcon.colcon_core.package_identification:_identify(.) by extension 'ros'
[0.184s] Level 1:colcon.colcon_core.package_identification:_identify(.) by extensions ['cmake', 'python']
[0.184s] Level 1:colcon.colcon_core.package_identification:_identify(.) by extension 'cmake'
[0.184s] Level 1:colcon.colcon_core.package_identification:_identify(.) by extension 'python'
[0.184s] Level 1:colcon.colcon_core.package_identification:_identify(.) by extensions ['python_setup_py']
[0.184s] Level 1:colcon.colcon_core.package_identification:_identify(.) by extension 'python_setup_py'
[0.184s] Level 1:colcon.colcon_core.package_identification:_identify(build) by extensions ['ignore', 'ignore_ament_install']
[0.184s] Level 1:colcon.colcon_core.package_identification:_identify(build) by extension 'ignore'
[0.184s] Level 1:colcon.colcon_core.package_identification:_identify(build) ignored
[0.185s] Level 1:colcon.colcon_core.package_identification:_identify(hw1_teleop_bag) by extensions ['ignore', 'ignore_ament_install']
[0.185s] Level 1:colcon.colcon_core.package_identification:_identify(hw1_teleop_bag) by extension 'ignore'
[0.185s] Level 1:colcon.colcon_core.package_identification:_identify(hw1_teleop_bag) by extension 'ignore_ament_install'
[0.185s] Level 1:colcon.colcon_core.package_identification:_identify(hw1_teleop_bag) by extensions ['colcon_pkg']
[0.185s] Level 1:colcon.colcon_core.package_identification:_identify(hw1_teleop_bag) by extension 'colcon_pkg'
[0.185s] Level 1:colcon.colcon_core.package_identification:_identify(hw1_teleop_bag) by extensions ['colcon_meta']
[0.185s] Level 1:colcon.colcon_core.package_identification:_identify(hw1_teleop_bag) by extension 'colcon_meta'
[0.185s] Level 1:colcon.colcon_core.package_identification:_identify(hw1_teleop_bag) by extensions ['ros']
[0.185s] Level 1:colcon.colcon_core.package_identification:_identify(hw1_teleop_bag) by extension 'ros'
[0.185s] Level 1:colcon.colcon_core.package_identification:_identify(hw1_teleop_bag) by extensions ['cmake', 'python']
[0.185s] Level 1:colcon.colcon_core.package_identification:_identify(hw1_teleop_bag) by extension 'cmake'
[0.185s] Level 1:colcon.colcon_core.package_identification:_identify(hw1_teleop_bag) by extension 'python'
[0.185s] Level 1:colcon.colcon_core.package_identification:_identify(hw1_teleop_bag) by extensions ['python_setup_py']
[0.185s] Level 1:colcon.colcon_core.package_identification:_identify(hw1_teleop_bag) by extension 'python_setup_py'
[0.186s] Level 1:colcon.colcon_core.package_identification:_identify(hw1_teleop_bag_v1) by extensions ['ignore', 'ignore_ament_install']
[0.186s] Level 1:colcon.colcon_core.package_identification:_identify(hw1_teleop_bag_v1) by extension 'ignore'
[0.186s] Level 1:colcon.colcon_core.package_identification:_identify(hw1_teleop_bag_v1) by extension 'ignore_ament_install'
[0.186s] Level 1:colcon.colcon_core.package_identification:_identify(hw1_teleop_bag_v1) by extensions ['colcon_pkg']
[0.186s] Level 1:colcon.colcon_core.package_identification:_identify(hw1_teleop_bag_v1) by extension 'colcon_pkg'
[0.186s] Level 1:colcon.colcon_core.package_identification:_identify(hw1_teleop_bag_v1) by extensions ['colcon_meta']
[0.186s] Level 1:colcon.colcon_core.package_identification:_identify(hw1_teleop_bag_v1) by extension 'colcon_meta'
[0.186s] Level 1:colcon.colcon_core.package_identification:_identify(hw1_teleop_bag_v1) by extensions ['ros']
[0.186s] Level 1:colcon.colcon_core.package_identification:_identify(hw1_teleop_bag_v1) by extension 'ros'
[0.186s] Level 1:colcon.colcon_core.package_identification:_identify(hw1_teleop_bag_v1) by extensions ['cmake', 'python']
[0.186s] Level 1:colcon.colcon_core.package_identification:_identify(hw1_teleop_bag_v1) by extension 'cmake'
[0.186s] Level 1:colcon.colcon_core.package_identification:_identify(hw1_teleop_bag_v1) by extension 'python'
[0.186s] Level 1:colcon.colcon_core.package_identification:_identify(hw1_teleop_bag_v1) by extensions ['python_setup_py']
[0.186s] Level 1:colcon.colcon_core.package_identification:_identify(hw1_teleop_bag_v1) by extension 'python_setup_py'
[0.187s] Level 1:colcon.colcon_core.package_identification:_identify(install) by extensions ['ignore', 'ignore_ament_install']
[0.187s] Level 1:colcon.colcon_core.package_identification:_identify(install) by extension 'ignore'
[0.187s] Level 1:colcon.colcon_core.package_identification:_identify(install) ignored
[0.188s] Level 1:colcon.colcon_core.package_identification:_identify(log) by extensions ['ignore', 'ignore_ament_install']
[0.188s] Level 1:colcon.colcon_core.package_identification:_identify(log) by extension 'ignore'
[0.188s] Level 1:colcon.colcon_core.package_identification:_identify(log) ignored
[0.188s] Level 1:colcon.colcon_core.package_identification:_identify(src) by extensions ['ignore', 'ignore_ament_install']
[0.188s] Level 1:colcon.colcon_core.package_identification:_identify(src) by extension 'ignore'
[0.189s] Level 1:colcon.colcon_core.package_identification:_identify(src) by extension 'ignore_ament_install'
[0.189s] Level 1:colcon.colcon_core.package_identification:_identify(src) by extensions ['colcon_pkg']
[0.189s] Level 1:colcon.colcon_core.package_identification:_identify(src) by extension 'colcon_pkg'
[0.189s] Level 1:colcon.colcon_core.package_identification:_identify(src) by extensions ['colcon_meta']
[0.189s] Level 1:colcon.colcon_core.package_identification:_identify(src) by extension 'colcon_meta'
[0.189s] Level 1:colcon.colcon_core.package_identification:_identify(src) by extensions ['ros']
[0.189s] Level 1:colcon.colcon_core.package_identification:_identify(src) by extension 'ros'
[0.189s] Level 1:colcon.colcon_core.package_identification:_identify(src) by extensions ['cmake', 'python']
[0.189s] Level 1:colcon.colcon_core.package_identification:_identify(src) by extension 'cmake'
[0.189s] Level 1:colcon.colcon_core.package_identification:_identify(src) by extension 'python'
[0.189s] Level 1:colcon.colcon_core.package_identification:_identify(src) by extensions ['python_setup_py']
[0.189s] Level 1:colcon.colcon_core.package_identification:_identify(src) by extension 'python_setup_py'
[0.189s] Level 1:colcon.colcon_core.package_identification:_identify(src/build) by extensions ['ignore', 'ignore_ament_install']
[0.189s] Level 1:colcon.colcon_core.package_identification:_identify(src/build) by extension 'ignore'
[0.190s] Level 1:colcon.colcon_core.package_identification:_identify(src/build) ignored
[0.190s] Level 1:colcon.colcon_core.package_identification:_identify(src/install) by extensions ['ignore', 'ignore_ament_install']
[0.190s] Level 1:colcon.colcon_core.package_identification:_identify(src/install) by extension 'ignore'
[0.191s] Level 1:colcon.colcon_core.package_identification:_identify(src/install) ignored
[0.192s] Level 1:colcon.colcon_core.package_identification:_identify(src/log) by extensions ['ignore', 'ignore_ament_install']
[0.192s] Level 1:colcon.colcon_core.package_identification:_identify(src/log) by extension 'ignore'
[0.192s] Level 1:colcon.colcon_core.package_identification:_identify(src/log) ignored
[0.193s] Level 1:colcon.colcon_core.package_identification:_identify(src/mecanum_robot) by extensions ['ignore', 'ignore_ament_install']
[0.193s] Level 1:colcon.colcon_core.package_identification:_identify(src/mecanum_robot) by extension 'ignore'
[0.193s] Level 1:colcon.colcon_core.package_identification:_identify(src/mecanum_robot) by extension 'ignore_ament_install'
[0.193s] Level 1:colcon.colcon_core.package_identification:_identify(src/mecanum_robot) by extensions ['colcon_pkg']
[0.193s] Level 1:colcon.colcon_core.package_identification:_identify(src/mecanum_robot) by extension 'colcon_pkg'
[0.193s] Level 1:colcon.colcon_core.package_identification:_identify(src/mecanum_robot) by extensions ['colcon_meta']
[0.193s] Level 1:colcon.colcon_core.package_identification:_identify(src/mecanum_robot) by extension 'colcon_meta'
[0.193s] Level 1:colcon.colcon_core.package_identification:_identify(src/mecanum_robot) by extensions ['ros']
[0.193s] Level 1:colcon.colcon_core.package_identification:_identify(src/mecanum_robot) by extension 'ros'
[0.195s] DEBUG:colcon.colcon_core.package_identification:Package 'src/mecanum_robot' with type 'ros.ament_cmake' and name 'mecanum_robot'
[0.195s] Level 1:colcon.colcon_core.package_discovery:discover_packages(recursive) using defaults
[0.195s] Level 1:colcon.colcon_core.package_discovery:discover_packages(ignore) discover
[0.195s] Level 1:colcon.colcon_core.package_discovery:discover_packages(ignore) using defaults
[0.195s] Level 1:colcon.colcon_core.package_discovery:discover_packages(path) discover
[0.195s] Level 1:colcon.colcon_core.package_discovery:discover_packages(path) using defaults
[0.213s] Level 1:colcon.colcon_core.package_discovery:discover_packages(prefix_path) check parameters
[0.213s] Level 1:colcon.colcon_core.package_discovery:discover_packages(prefix_path) discover
[0.215s] DEBUG:colcon.colcon_installed_package_information.package_discovery:Found 1 installed packages in /home/cs0/ddanie31/csci458_ws/install
[0.216s] DEBUG:colcon.colcon_installed_package_information.package_discovery:Found 425 installed packages in /opt/ros/humble
[0.217s] Level 1:colcon.colcon_core.package_discovery:discover_packages(prefix_path) using defaults
[0.248s] Level 5:colcon.colcon_core.verb:set package 'mecanum_robot' build argument 'cmake_args' from command line to 'None'
[0.248s] Level 5:colcon.colcon_core.verb:set package 'mecanum_robot' build argument 'cmake_target' from command line to 'None'
[0.248s] Level 5:colcon.colcon_core.verb:set package 'mecanum_robot' build argument 'cmake_target_skip_unavailable' from command line to 'False'
[0.248s] Level 5:colcon.colcon_core.verb:set package 'mecanum_robot' build argument 'cmake_clean_cache' from command line to 'False'
[0.248s] Level 5:colcon.colcon_core.verb:set package 'mecanum_robot' build argument 'cmake_clean_first' from command line to 'False'
[0.248s] Level 5:colcon.colcon_core.verb:set package 'mecanum_robot' build argument 'cmake_force_configure' from command line to 'False'
[0.248s] Level 5:colcon.colcon_core.verb:set package 'mecanum_robot' build argument 'ament_cmake_args' from command line to 'None'
[0.248s] Level 5:colcon.colcon_core.verb:set package 'mecanum_robot' build argument 'catkin_cmake_args' from command line to 'None'
[0.248s] Level 5:colcon.colcon_core.verb:set package 'mecanum_robot' build argument 'catkin_skip_building_tests' from command line to 'False'
[0.248s] DEBUG:colcon.colcon_core.verb:Building package 'mecanum_robot' with the following arguments: {'ament_cmake_args': None, 'build_base': '/home/cs0/ddanie31/csci458_ws/build/mecanum_robot', 'catkin_cmake_args': None, 'catkin_skip_building_tests': False, 'cmake_args': None, 'cmake_clean_cache': False, 'cmake_clean_first': False, 'cmake_force_configure': False, 'cmake_target': None, 'cmake_target_skip_unavailable': False, 'install_base': '/home/cs0/ddanie31/csci458_ws/install/mecanum_robot', 'merge_install': False, 'path': '/home/cs0/ddanie31/csci458_ws/src/mecanum_robot', 'symlink_install': True, 'test_result_base': None}
[0.248s] INFO:colcon.colcon_core.executor:Executing jobs using 'parallel' executor
[0.249s] DEBUG:colcon.colcon_parallel_executor.executor.parallel:run_until_complete
[0.249s] INFO:colcon.colcon_ros.task.ament_cmake.build:Building ROS package in '/home/cs0/ddanie31/csci458_ws/src/mecanum_robot' with build type 'ament_cmake'
[0.249s] INFO:colcon.colcon_cmake.task.cmake.build:Building CMake package in '/home/cs0/ddanie31/csci458_ws/src/mecanum_robot'
[0.250s] INFO:colcon.colcon_core.plugin_system:Skipping extension 'colcon_core.shell.bat': Not used on non-Windows systems
[0.250s] INFO:colcon.colcon_core.shell:Skip shell extension 'powershell' for command environment: Not usable outside of PowerShell
[0.250s] DEBUG:colcon.colcon_core.shell:Skip shell extension 'dsv' for command environment
[0.312s] DEBUG:colcon.colcon_core.event_handler.log_command:Invoking command in '/home/cs0/ddanie31/csci458_ws/build/mecanum_robot': CMAKE_PREFIX_PATH=${CMAKE_PREFIX_PATH}:/opt/ros/humble /usr/bin/cmake --build /home/cs0/ddanie31/csci458_ws/build/mecanum_robot -- -j16 -l16
[1.107s] DEBUG:colcon.colcon_core.event_handler.log_command:Invoked command in '/home/cs0/ddanie31/csci458_ws/build/mecanum_robot' returned '0': CMAKE_PREFIX_PATH=${CMAKE_PREFIX_PATH}:/opt/ros/humble /usr/bin/cmake --build /home/cs0/ddanie31/csci458_ws/build/mecanum_robot -- -j16 -l16
[1.120s] DEBUG:colcon.colcon_core.event_handler.log_command:Invoking command in '/home/cs0/ddanie31/csci458_ws/build/mecanum_robot': CMAKE_PREFIX_PATH=${CMAKE_PREFIX_PATH}:/opt/ros/humble /usr/bin/cmake --install /home/cs0/ddanie31/csci458_ws/build/mecanum_robot
[1.294s] Level 1:colcon.colcon_core.environment:create_environment_scripts_only(mecanum_robot)
[1.294s] DEBUG:colcon.colcon_core.event_handler.log_command:Invoked command in '/home/cs0/ddanie31/csci458_ws/build/mecanum_robot' returned '0': CMAKE_PREFIX_PATH=${CMAKE_PREFIX_PATH}:/opt/ros/humble /usr/bin/cmake --install /home/cs0/ddanie31/csci458_ws/build/mecanum_robot
[1.296s] Level 1:colcon.colcon_core.environment:checking '/home/cs0/ddanie31/csci458_ws/install/mecanum_robot' for CMake module files
[1.300s] Level 1:colcon.colcon_core.environment:checking '/home/cs0/ddanie31/csci458_ws/install/mecanum_robot' for CMake config files
[1.306s] Level 1:colcon.colcon_core.shell:create_environment_hook('mecanum_robot', 'cmake_prefix_path')
[1.307s] INFO:colcon.colcon_core.shell:Creating environment hook '/home/cs0/ddanie31/csci458_ws/install/mecanum_robot/share/mecanum_robot/hook/cmake_prefix_path.ps1'
[1.309s] INFO:colcon.colcon_core.shell:Creating environment descriptor '/home/cs0/ddanie31/csci458_ws/install/mecanum_robot/share/mecanum_robot/hook/cmake_prefix_path.dsv'
[1.311s] INFO:colcon.colcon_core.shell:Creating environment hook '/home/cs0/ddanie31/csci458_ws/install/mecanum_robot/share/mecanum_robot/hook/cmake_prefix_path.sh'
[1.314s] Level 1:colcon.colcon_core.environment:checking '/home/cs0/ddanie31/csci458_ws/install/mecanum_robot/lib'
[1.315s] Level 1:colcon.colcon_core.environment:checking '/home/cs0/ddanie31/csci458_ws/install/mecanum_robot/bin'
[1.315s] Level 1:colcon.colcon_core.environment:checking '/home/cs0/ddanie31/csci458_ws/install/mecanum_robot/lib/pkgconfig/mecanum_robot.pc'
[1.315s] Level 1:colcon.colcon_core.environment:checking '/home/cs0/ddanie31/csci458_ws/install/mecanum_robot/lib/python3.10/site-packages'
[1.316s] Level 1:colcon.colcon_core.environment:checking '/home/cs0/ddanie31/csci458_ws/install/mecanum_robot/bin'
[1.316s] INFO:colcon.colcon_core.shell:Creating package script '/home/cs0/ddanie31/csci458_ws/install/mecanum_robot/share/mecanum_robot/package.ps1'
[1.319s] INFO:colcon.colcon_core.shell:Creating package descriptor '/home/cs0/ddanie31/csci458_ws/install/mecanum_robot/share/mecanum_robot/package.dsv'
[1.321s] INFO:colcon.colcon_core.shell:Creating package script '/home/cs0/ddanie31/csci458_ws/install/mecanum_robot/share/mecanum_robot/package.sh'
[1.324s] INFO:colcon.colcon_core.shell:Creating package script '/home/cs0/ddanie31/csci458_ws/install/mecanum_robot/share/mecanum_robot/package.bash'
[1.326s] INFO:colcon.colcon_core.shell:Creating package script '/home/cs0/ddanie31/csci458_ws/install/mecanum_robot/share/mecanum_robot/package.zsh'
[1.328s] Level 1:colcon.colcon_core.environment:create_file_with_runtime_dependencies(/home/cs0/ddanie31/csci458_ws/install/mecanum_robot/share/colcon-core/packages/mecanum_robot)
[1.332s] Level 1:colcon.colcon_core.environment:create_environment_scripts_only(mecanum_robot)
[1.332s] Level 1:colcon.colcon_core.environment:checking '/home/cs0/ddanie31/csci458_ws/install/mecanum_robot' for CMake module files
[1.333s] Level 1:colcon.colcon_core.environment:checking '/home/cs0/ddanie31/csci458_ws/install/mecanum_robot' for CMake config files
[1.337s] Level 1:colcon.colcon_core.shell:create_environment_hook('mecanum_robot', 'cmake_prefix_path')
[1.337s] INFO:colcon.colcon_core.shell:Creating environment hook '/home/cs0/ddanie31/csci458_ws/install/mecanum_robot/share/mecanum_robot/hook/cmake_prefix_path.ps1'
[1.339s] INFO:colcon.colcon_core.shell:Creating environment descriptor '/home/cs0/ddanie31/csci458_ws/install/mecanum_robot/share/mecanum_robot/hook/cmake_prefix_path.dsv'
[1.341s] INFO:colcon.colcon_core.shell:Creating environment hook '/home/cs0/ddanie31/csci458_ws/install/mecanum_robot/share/mecanum_robot/hook/cmake_prefix_path.sh'
[1.343s] Level 1:colcon.colcon_core.environment:checking '/home/cs0/ddanie31/csci458_ws/install/mecanum_robot/lib'
[1.343s] Level 1:colcon.colcon_core.environment:checking '/home/cs0/ddanie31/csci458_ws/install/mecanum_robot/bin'
[1.343s] Level 1:colcon.colcon_core.environment:checking '/home/cs0/ddanie31/csci458_ws/install/mecanum_robot/lib/pkgconfig/mecanum_robot.pc'
[1.344s] Level 1:colcon.colcon_core.environment:checking '/home/cs0/ddanie31/csci458_ws/install/mecanum_robot/lib/python3.10/site-packages'
[1.344s] Level 1:colcon.colcon_core.environment:checking '/home/cs0/ddanie31/csci458_ws/install/mecanum_robot/bin'
[1.344s] INFO:colcon.colcon_core.shell:Creating package script '/home/cs0/ddanie31/csci458_ws/install/mecanum_robot/share/mecanum_robot/package.ps1'
[1.346s] INFO:colcon.colcon_core.shell:Creating package descriptor '/home/cs0/ddanie31/csci458_ws/install/mecanum_robot/share/mecanum_robot/package.dsv'
[1.348s] INFO:colcon.colcon_core.shell:Creating package script '/home/cs0/ddanie31/csci458_ws/install/mecanum_robot/share/mecanum_robot/package.sh'
[1.351s] INFO:colcon.colcon_core.shell:Creating package script '/home/cs0/ddanie31/csci458_ws/install/mecanum_robot/share/mecanum_robot/package.bash'
[1.353s] INFO:colcon.colcon_core.shell:Creating package script '/home/cs0/ddanie31/csci458_ws/install/mecanum_robot/share/mecanum_robot/package.zsh'
[1.356s] Level 1:colcon.colcon_core.environment:create_file_with_runtime_dependencies(/home/cs0/ddanie31/csci458_ws/install/mecanum_robot/share/colcon-core/packages/mecanum_robot)
[1.358s] DEBUG:colcon.colcon_parallel_executor.executor.parallel:closing loop
[1.358s] DEBUG:colcon.colcon_parallel_executor.executor.parallel:loop closed
[1.358s] DEBUG:colcon.colcon_parallel_executor.executor.parallel:run_until_complete finished with '0'
[1.358s] DEBUG:colcon.colcon_core.event_reactor:joining thread
[1.368s] INFO:colcon.colcon_core.plugin_system:Skipping extension 'colcon_notification.desktop_notification.terminal_notifier': Not used on non-Darwin systems
[1.368s] INFO:colcon.colcon_core.plugin_system:Skipping extension 'colcon_notification.desktop_notification.win32': Not used on non-Windows systems
[1.368s] INFO:colcon.colcon_notification.desktop_notification:Sending desktop notification using 'notify2'
[1.375s] DEBUG:colcon.colcon_core.event_reactor:joined thread
[1.376s] INFO:colcon.colcon_core.shell:Creating prefix script '/home/cs0/ddanie31/csci458_ws/install/local_setup.ps1'
[1.378s] INFO:colcon.colcon_core.shell:Creating prefix util module '/home/cs0/ddanie31/csci458_ws/install/_local_setup_util_ps1.py'
[1.382s] INFO:colcon.colcon_core.shell:Creating prefix chain script '/home/cs0/ddanie31/csci458_ws/install/setup.ps1'
[1.385s] INFO:colcon.colcon_core.shell:Creating prefix script '/home/cs0/ddanie31/csci458_ws/install/local_setup.sh'
[1.387s] INFO:colcon.colcon_core.shell:Creating prefix util module '/home/cs0/ddanie31/csci458_ws/install/_local_setup_util_sh.py'
[1.390s] INFO:colcon.colcon_core.shell:Creating prefix chain script '/home/cs0/ddanie31/csci458_ws/install/setup.sh'
[1.394s] INFO:colcon.colcon_core.shell:Creating prefix script '/home/cs0/ddanie31/csci458_ws/install/local_setup.bash'
[1.396s] INFO:colcon.colcon_core.shell:Creating prefix chain script '/home/cs0/ddanie31/csci458_ws/install/setup.bash'
[1.400s] INFO:colcon.colcon_core.shell:Creating prefix script '/home/cs0/ddanie31/csci458_ws/install/local_setup.zsh'
[1.403s] INFO:colcon.colcon_core.shell:Creating prefix chain script '/home/cs0/ddanie31/csci458_ws/install/setup.zsh'
