[0.013s] Invoking command in '/home/dylan/csci458_ws/src/mecanum_robot/build/mecanum_robot': CMAKE_PREFIX_PATH=${CMAKE_PREFIX_PATH}:/opt/ros/humble /usr/bin/cmake /home/dylan/csci458_ws/src/mecanum_robot -DAMENT_CMAKE_SYMLINK_INSTALL=1 -DCMAKE_INSTALL_PREFIX=/home/dylan/csci458_ws/src/mecanum_robot/install/mecanum_robot
[0.256s] -- The C compiler identification is GNU 11.4.0
[1.043s] -- The CXX compiler identification is GNU 11.4.0
[1.608s] -- Detecting C compiler ABI info
[1.807s] -- Detecting C compiler ABI info - done
[1.810s] -- Check for working C compiler: /usr/bin/cc - skipped
[1.811s] -- Detecting C compile features
[1.811s] -- Detecting C compile features - done
[1.814s] -- Detecting CXX compiler ABI info
[2.015s] -- Detecting CXX compiler ABI info - done
[2.019s] -- Check for working CXX compiler: /usr/bin/c++ - skipped
[2.019s] -- Detecting CXX compile features
[2.019s] -- Detecting CXX compile features - done
[2.025s] -- Found ament_cmake: 1.3.14 (/opt/ros/humble/share/ament_cmake/cmake)
[2.120s] -- Found Python3: /usr/bin/python3 (found version "3.10.12") found components: Interpreter 
[2.162s] -- Override CMake install command with custom implementation using symlinks instead of copying resources
[2.198s] -- Found ament_lint_auto: 0.12.15 (/opt/ros/humble/share/ament_lint_auto/cmake)
[2.258s] -- Added test 'cppcheck' to perform static code analysis on C / C++ code
[2.258s] -- Configured cppcheck include dirs: 
[2.258s] -- Configured cppcheck exclude dirs and/or files: 
[2.259s] -- Added test 'flake8' to check Python code syntax and style conventions
[2.261s] -- Added test 'lint_cmake' to check CMake code style
[2.263s] -- Added test 'pep257' to check Python code against some of the docstring style conventions in PEP 257
[2.268s] -- Added test 'uncrustify' to check C / C++ code style
[2.268s] -- Configured uncrustify additional arguments: 
[2.270s] -- Added test 'xmllint' to check XML markup files
[2.271s] -- Configuring done
[2.276s] -- Generating done
[2.277s] -- Build files have been written to: /home/dylan/csci458_ws/src/mecanum_robot/build/mecanum_robot
[2.281s] Invoked command in '/home/dylan/csci458_ws/src/mecanum_robot/build/mecanum_robot' returned '0': CMAKE_PREFIX_PATH=${CMAKE_PREFIX_PATH}:/opt/ros/humble /usr/bin/cmake /home/dylan/csci458_ws/src/mecanum_robot -DAMENT_CMAKE_SYMLINK_INSTALL=1 -DCMAKE_INSTALL_PREFIX=/home/dylan/csci458_ws/src/mecanum_robot/install/mecanum_robot
[2.283s] Invoking command in '/home/dylan/csci458_ws/src/mecanum_robot/build/mecanum_robot': CMAKE_PREFIX_PATH=${CMAKE_PREFIX_PATH}:/opt/ros/humble /usr/bin/cmake --build /home/dylan/csci458_ws/src/mecanum_robot/build/mecanum_robot -- -j16 -l16
[2.311s] Invoked command in '/home/dylan/csci458_ws/src/mecanum_robot/build/mecanum_robot' returned '0': CMAKE_PREFIX_PATH=${CMAKE_PREFIX_PATH}:/opt/ros/humble /usr/bin/cmake --build /home/dylan/csci458_ws/src/mecanum_robot/build/mecanum_robot -- -j16 -l16
[2.319s] Invoking command in '/home/dylan/csci458_ws/src/mecanum_robot/build/mecanum_robot': CMAKE_PREFIX_PATH=${CMAKE_PREFIX_PATH}:/opt/ros/humble /usr/bin/cmake --install /home/dylan/csci458_ws/src/mecanum_robot/build/mecanum_robot
[2.324s] -- Install configuration: ""
[2.324s] -- Execute custom install script
[2.326s] -- Symlinking: /home/dylan/csci458_ws/src/mecanum_robot/install/mecanum_robot/share/mecanum_robot/urdf/mecanum_robot.urdf.xacro
[2.333s] -- Symlinking: /home/dylan/csci458_ws/src/mecanum_robot/install/mecanum_robot/share/mecanum_robot/worlds/small_room.world
[2.341s] -- Symlinking: /home/dylan/csci458_ws/src/mecanum_robot/install/mecanum_robot/share/mecanum_robot/launch/mecanum_world.launch.py
[2.348s] -- Symlinking: /home/dylan/csci458_ws/src/mecanum_robot/install/mecanum_robot/share/ament_index/resource_index/package_run_dependencies/mecanum_robot
[2.355s] -- Symlinking: /home/dylan/csci458_ws/src/mecanum_robot/install/mecanum_robot/share/ament_index/resource_index/parent_prefix_path/mecanum_robot
[2.362s] -- Symlinking: /home/dylan/csci458_ws/src/mecanum_robot/install/mecanum_robot/share/mecanum_robot/environment/ament_prefix_path.sh
[2.369s] -- Symlinking: /home/dylan/csci458_ws/src/mecanum_robot/install/mecanum_robot/share/mecanum_robot/environment/ament_prefix_path.dsv
[2.376s] -- Symlinking: /home/dylan/csci458_ws/src/mecanum_robot/install/mecanum_robot/share/mecanum_robot/environment/path.sh
[2.382s] -- Symlinking: /home/dylan/csci458_ws/src/mecanum_robot/install/mecanum_robot/share/mecanum_robot/environment/path.dsv
[2.388s] -- Symlinking: /home/dylan/csci458_ws/src/mecanum_robot/install/mecanum_robot/share/mecanum_robot/local_setup.bash
[2.395s] -- Symlinking: /home/dylan/csci458_ws/src/mecanum_robot/install/mecanum_robot/share/mecanum_robot/local_setup.sh
[2.401s] -- Symlinking: /home/dylan/csci458_ws/src/mecanum_robot/install/mecanum_robot/share/mecanum_robot/local_setup.zsh
[2.409s] -- Symlinking: /home/dylan/csci458_ws/src/mecanum_robot/install/mecanum_robot/share/mecanum_robot/local_setup.dsv
[2.415s] -- Symlinking: /home/dylan/csci458_ws/src/mecanum_robot/install/mecanum_robot/share/mecanum_robot/package.dsv
[2.422s] -- Symlinking: /home/dylan/csci458_ws/src/mecanum_robot/install/mecanum_robot/share/ament_index/resource_index/packages/mecanum_robot
[2.429s] -- Symlinking: /home/dylan/csci458_ws/src/mecanum_robot/install/mecanum_robot/share/mecanum_robot/cmake/mecanum_robotConfig.cmake
[2.435s] -- Symlinking: /home/dylan/csci458_ws/src/mecanum_robot/install/mecanum_robot/share/mecanum_robot/cmake/mecanum_robotConfig-version.cmake
[2.442s] -- Symlinking: /home/dylan/csci458_ws/src/mecanum_robot/install/mecanum_robot/share/mecanum_robot/package.xml
[2.451s] Invoked command in '/home/dylan/csci458_ws/src/mecanum_robot/build/mecanum_robot' returned '0': CMAKE_PREFIX_PATH=${CMAKE_PREFIX_PATH}:/opt/ros/humble /usr/bin/cmake --install /home/dylan/csci458_ws/src/mecanum_robot/build/mecanum_robot
