[0.072s] DEBUG:colcon:Command line arguments: ['/usr/bin/colcon', 'build', '--symlink-install']
[0.072s] DEBUG:colcon:Parsed command line arguments: Namespace(log_base=None, log_level=None, verb_name='build', build_base='build', install_base='install', merge_install=False, symlink_install=True, test_result_base=None, continue_on_error=False, executor='parallel', parallel_workers=16, event_handlers=None, ignore_user_meta=False, metas=['./colcon.meta'], base_paths=['.'], packages_ignore=None, packages_ignore_regex=None, paths=None, packages_up_to=None, packages_up_to_regex=None, packages_above=None, packages_above_and_dependencies=None, packages_above_depth=None, packages_select_by_dep=None, packages_skip_by_dep=None, packages_skip_up_to=None, packages_select_build_failed=False, packages_skip_build_finished=False, packages_select_test_failures=False, packages_skip_test_passed=False, packages_select=None, packages_skip=None, packages_select_regex=None, packages_skip_regex=None, packages_start=None, packages_end=None, allow_overriding=[], cmake_args=None, cmake_target=None, cmake_target_skip_unavailable=False, cmake_clean_cache=False, cmake_clean_first=False, cmake_force_configure=False, ament_cmake_args=None, catkin_cmake_args=None, catkin_skip_building_tests=False, mixin_files=None, mixin=None, verb_parser=<colcon_mixin.mixin.mixin_argument.MixinArgumentDecorator object at 0x7b97204764a0>, verb_extension=<colcon_core.verb.build.BuildVerb object at 0x7b9720475ff0>, main=<bound method BuildVerb.main of <colcon_core.verb.build.BuildVerb object at 0x7b9720475ff0>>, mixin_verb=('build',))
[0.183s] Level 1:colcon.colcon_core.package_discovery:discover_packages(colcon_meta) check parameters
[0.184s] Level 1:colcon.colcon_core.package_discovery:discover_packages(recursive) check parameters
[0.184s] Level 1:colcon.colcon_core.package_discovery:discover_packages(ignore) check parameters
[0.184s] Level 1:colcon.colcon_core.package_discovery:discover_packages(path) check parameters
[0.184s] Level 1:colcon.colcon_core.package_discovery:discover_packages(colcon_meta) discover
[0.184s] Level 1:colcon.colcon_core.package_discovery:discover_packages(recursive) discover
[0.184s] INFO:colcon.colcon_core.package_discovery:Crawling recursively for packages in '/home/cs0/ddanie31/csci458_ws/src/mecanum_robot'
[0.184s] Level 1:colcon.colcon_core.package_identification:_identify(.) by extensions ['ignore', 'ignore_ament_install']
[0.185s] Level 1:colcon.colcon_core.package_identification:_identify(.) by extension 'ignore'
[0.185s] Level 1:colcon.colcon_core.package_identification:_identify(.) by extension 'ignore_ament_install'
[0.185s] Level 1:colcon.colcon_core.package_identification:_identify(.) by extensions ['colcon_pkg']
[0.185s] Level 1:colcon.colcon_core.package_identification:_identify(.) by extension 'colcon_pkg'
[0.185s] Level 1:colcon.colcon_core.package_identification:_identify(.) by extensions ['colcon_meta']
[0.185s] Level 1:colcon.colcon_core.package_identification:_identify(.) by extension 'colcon_meta'
[0.185s] Level 1:colcon.colcon_core.package_identification:_identify(.) by extensions ['ros']
[0.185s] Level 1:colcon.colcon_core.package_identification:_identify(.) by extension 'ros'
[0.193s] DEBUG:colcon.colcon_core.package_identification:Package '.' with type 'ros.ament_cmake' and name 'mecanum_robot'
[0.193s] Level 1:colcon.colcon_core.package_discovery:discover_packages(recursive) using defaults
[0.193s] Level 1:colcon.colcon_core.package_discovery:discover_packages(ignore) discover
[0.193s] Level 1:colcon.colcon_core.package_discovery:discover_packages(ignore) using defaults
[0.193s] Level 1:colcon.colcon_core.package_discovery:discover_packages(path) discover
[0.193s] Level 1:colcon.colcon_core.package_discovery:discover_packages(path) using defaults
[0.211s] Level 1:colcon.colcon_core.package_discovery:discover_packages(prefix_path) check parameters
[0.211s] Level 1:colcon.colcon_core.package_discovery:discover_packages(prefix_path) discover
[0.212s] DEBUG:colcon.colcon_installed_package_information.package_discovery:Found 1 installed packages in /home/cs0/ddanie31/csci458_ws/install
[0.213s] DEBUG:colcon.colcon_installed_package_information.package_discovery:Found 425 installed packages in /opt/ros/humble
[0.215s] Level 1:colcon.colcon_core.package_discovery:discover_packages(prefix_path) using defaults
[0.246s] Level 5:colcon.colcon_core.verb:set package 'mecanum_robot' build argument 'cmake_args' from command line to 'None'
[0.246s] Level 5:colcon.colcon_core.verb:set package 'mecanum_robot' build argument 'cmake_target' from command line to 'None'
[0.246s] Level 5:colcon.colcon_core.verb:set package 'mecanum_robot' build argument 'cmake_target_skip_unavailable' from command line to 'False'
[0.246s] Level 5:colcon.colcon_core.verb:set package 'mecanum_robot' build argument 'cmake_clean_cache' from command line to 'False'
[0.246s] Level 5:colcon.colcon_core.verb:set package 'mecanum_robot' build argument 'cmake_clean_first' from command line to 'False'
[0.246s] Level 5:colcon.colcon_core.verb:set package 'mecanum_robot' build argument 'cmake_force_configure' from command line to 'False'
[0.246s] Level 5:colcon.colcon_core.verb:set package 'mecanum_robot' build argument 'ament_cmake_args' from command line to 'None'
[0.246s] Level 5:colcon.colcon_core.verb:set package 'mecanum_robot' build argument 'catkin_cmake_args' from command line to 'None'
[0.246s] Level 5:colcon.colcon_core.verb:set package 'mecanum_robot' build argument 'catkin_skip_building_tests' from command line to 'False'
[0.246s] DEBUG:colcon.colcon_core.verb:Building package 'mecanum_robot' with the following arguments: {'ament_cmake_args': None, 'build_base': '/home/cs0/ddanie31/csci458_ws/src/mecanum_robot/build/mecanum_robot', 'catkin_cmake_args': None, 'catkin_skip_building_tests': False, 'cmake_args': None, 'cmake_clean_cache': False, 'cmake_clean_first': False, 'cmake_force_configure': False, 'cmake_target': None, 'cmake_target_skip_unavailable': False, 'install_base': '/home/cs0/ddanie31/csci458_ws/src/mecanum_robot/install/mecanum_robot', 'merge_install': False, 'path': '/home/cs0/ddanie31/csci458_ws/src/mecanum_robot', 'symlink_install': True, 'test_result_base': None}
[0.246s] INFO:colcon.colcon_core.executor:Executing jobs using 'parallel' executor
[0.247s] DEBUG:colcon.colcon_parallel_executor.executor.parallel:run_until_complete
[0.247s] INFO:colcon.colcon_ros.task.ament_cmake.build:Building ROS package in '/home/cs0/ddanie31/csci458_ws/src/mecanum_robot' with build type 'ament_cmake'
[0.247s] INFO:colcon.colcon_cmake.task.cmake.build:Building CMake package in '/home/cs0/ddanie31/csci458_ws/src/mecanum_robot'
[0.248s] INFO:colcon.colcon_core.plugin_system:Skipping extension 'colcon_core.shell.bat': Not used on non-Windows systems
[0.248s] INFO:colcon.colcon_core.shell:Skip shell extension 'powershell' for command environment: Not usable outside of PowerShell
[0.248s] DEBUG:colcon.colcon_core.shell:Skip shell extension 'dsv' for command environment
[0.274s] DEBUG:colcon.colcon_core.event_handler.log_command:Invoking command in '/home/cs0/ddanie31/csci458_ws/src/mecanum_robot/build/mecanum_robot': CMAKE_PREFIX_PATH=/opt/ros/humble /usr/bin/cmake /home/cs0/ddanie31/csci458_ws/src/mecanum_robot -DAMENT_CMAKE_SYMLINK_INSTALL=1 -DCMAKE_INSTALL_PREFIX=/home/cs0/ddanie31/csci458_ws/src/mecanum_robot/install/mecanum_robot
[1.345s] DEBUG:colcon.colcon_core.event_handler.log_command:Invoked command in '/home/cs0/ddanie31/csci458_ws/src/mecanum_robot/build/mecanum_robot' returned '1': CMAKE_PREFIX_PATH=/opt/ros/humble /usr/bin/cmake /home/cs0/ddanie31/csci458_ws/src/mecanum_robot -DAMENT_CMAKE_SYMLINK_INSTALL=1 -DCMAKE_INSTALL_PREFIX=/home/cs0/ddanie31/csci458_ws/src/mecanum_robot/install/mecanum_robot
[1.361s] Level 1:colcon.colcon_core.environment:create_environment_scripts_only(mecanum_robot)
[1.362s] Level 1:colcon.colcon_core.environment:checking '/home/cs0/ddanie31/csci458_ws/src/mecanum_robot/install/mecanum_robot' for CMake module files
[1.363s] Level 1:colcon.colcon_core.environment:checking '/home/cs0/ddanie31/csci458_ws/src/mecanum_robot/install/mecanum_robot' for CMake config files
[1.363s] Level 1:colcon.colcon_core.environment:checking '/home/cs0/ddanie31/csci458_ws/src/mecanum_robot/install/mecanum_robot/bin'
[1.363s] Level 1:colcon.colcon_core.environment:checking '/home/cs0/ddanie31/csci458_ws/src/mecanum_robot/install/mecanum_robot/lib/pkgconfig/mecanum_robot.pc'
[1.363s] Level 1:colcon.colcon_core.environment:checking '/home/cs0/ddanie31/csci458_ws/src/mecanum_robot/install/mecanum_robot/lib/python3.10/site-packages'
[1.363s] Level 1:colcon.colcon_core.environment:checking '/home/cs0/ddanie31/csci458_ws/src/mecanum_robot/install/mecanum_robot/bin'
[1.364s] INFO:colcon.colcon_core.shell:Creating package script '/home/cs0/ddanie31/csci458_ws/src/mecanum_robot/install/mecanum_robot/share/mecanum_robot/package.ps1'
[1.369s] INFO:colcon.colcon_core.shell:Creating package descriptor '/home/cs0/ddanie31/csci458_ws/src/mecanum_robot/install/mecanum_robot/share/mecanum_robot/package.dsv'
[1.371s] INFO:colcon.colcon_core.shell:Creating package script '/home/cs0/ddanie31/csci458_ws/src/mecanum_robot/install/mecanum_robot/share/mecanum_robot/package.sh'
[1.374s] INFO:colcon.colcon_core.shell:Creating package script '/home/cs0/ddanie31/csci458_ws/src/mecanum_robot/install/mecanum_robot/share/mecanum_robot/package.bash'
[1.377s] INFO:colcon.colcon_core.shell:Creating package script '/home/cs0/ddanie31/csci458_ws/src/mecanum_robot/install/mecanum_robot/share/mecanum_robot/package.zsh'
[1.379s] Level 1:colcon.colcon_core.environment:create_file_with_runtime_dependencies(/home/cs0/ddanie31/csci458_ws/src/mecanum_robot/install/mecanum_robot/share/colcon-core/packages/mecanum_robot)
[1.392s] DEBUG:colcon.colcon_parallel_executor.executor.parallel:closing loop
[1.392s] DEBUG:colcon.colcon_parallel_executor.executor.parallel:loop closed
[1.392s] DEBUG:colcon.colcon_parallel_executor.executor.parallel:run_until_complete finished with '1'
[1.392s] DEBUG:colcon.colcon_core.event_reactor:joining thread
[1.397s] INFO:colcon.colcon_core.plugin_system:Skipping extension 'colcon_notification.desktop_notification.terminal_notifier': Not used on non-Darwin systems
[1.397s] INFO:colcon.colcon_core.plugin_system:Skipping extension 'colcon_notification.desktop_notification.win32': Not used on non-Windows systems
[1.397s] INFO:colcon.colcon_notification.desktop_notification:Sending desktop notification using 'notify2'
[1.404s] DEBUG:colcon.colcon_core.event_reactor:joined thread
[1.404s] INFO:colcon.colcon_core.shell:Creating prefix script '/home/cs0/ddanie31/csci458_ws/src/mecanum_robot/install/local_setup.ps1'
[1.407s] INFO:colcon.colcon_core.shell:Creating prefix util module '/home/cs0/ddanie31/csci458_ws/src/mecanum_robot/install/_local_setup_util_ps1.py'
[1.411s] INFO:colcon.colcon_core.shell:Creating prefix chain script '/home/cs0/ddanie31/csci458_ws/src/mecanum_robot/install/setup.ps1'
[1.414s] INFO:colcon.colcon_core.shell:Creating prefix script '/home/cs0/ddanie31/csci458_ws/src/mecanum_robot/install/local_setup.sh'
[1.416s] INFO:colcon.colcon_core.shell:Creating prefix util module '/home/cs0/ddanie31/csci458_ws/src/mecanum_robot/install/_local_setup_util_sh.py'
[1.419s] INFO:colcon.colcon_core.shell:Creating prefix chain script '/home/cs0/ddanie31/csci458_ws/src/mecanum_robot/install/setup.sh'
[1.422s] INFO:colcon.colcon_core.shell:Creating prefix script '/home/cs0/ddanie31/csci458_ws/src/mecanum_robot/install/local_setup.bash'
[1.424s] INFO:colcon.colcon_core.shell:Creating prefix chain script '/home/cs0/ddanie31/csci458_ws/src/mecanum_robot/install/setup.bash'
[1.427s] INFO:colcon.colcon_core.shell:Creating prefix script '/home/cs0/ddanie31/csci458_ws/src/mecanum_robot/install/local_setup.zsh'
[1.429s] INFO:colcon.colcon_core.shell:Creating prefix chain script '/home/cs0/ddanie31/csci458_ws/src/mecanum_robot/install/setup.zsh'
