[0.024s] Invoking command in '/home/cs0/ddanie31/csci458_ws/src/build/mecanum_robot': CMAKE_PREFIX_PATH=/opt/ros/humble /usr/bin/cmake /home/cs0/ddanie31/csci458_ws/src/mecanum_robot -DAMENT_CMAKE_SYMLINK_INSTALL=1 -DCMAKE_INSTALL_PREFIX=/home/cs0/ddanie31/csci458_ws/src/install/mecanum_robot
[0.102s] -- The C compiler identification is GNU 11.4.0
[0.167s] -- The CXX compiler identification is GNU 11.4.0
[0.179s] -- Detecting C compiler ABI info
[0.337s] -- Detecting C compiler ABI info - done
[0.370s] -- Check for working C compiler: /usr/bin/cc - skipped
[0.370s] -- Detecting C compile features
[0.371s] -- Detecting C compile features - done
[0.383s] -- Detecting CXX compiler ABI info
[0.546s] -- Detecting CXX compiler ABI info - done
[0.556s] -- Check for working CXX compiler: /usr/bin/c++ - skipped
[0.556s] -- Detecting CXX compile features
[0.557s] -- Detecting CXX compile features - done
[0.567s] -- Found ament_cmake: 1.3.14 (/opt/ros/humble/share/ament_cmake/cmake)
[0.678s] -- Found Python3: /usr/bin/python3 (found version "3.10.12") found components: Interpreter 
[0.754s] -- Override CMake install command with custom implementation using symlinks instead of copying resources
[0.801s] -- Found ament_lint_auto: 0.12.15 (/opt/ros/humble/share/ament_lint_auto/cmake)
[0.856s] [31mCMake Error at /opt/ros/humble/share/ament_cmake_core/cmake/symlink_install/install.cmake:43 (_install):
[0.856s]   _install does not recognize sub-command DIRCTORY
[0.856s] Call Stack (most recent call first):
[0.856s]   CMakeLists.txt:26 (install)
[0.856s] 
[0.856s] [0m
[1.032s] -- Added test 'cppcheck' to perform static code analysis on C / C++ code
[1.032s] -- Configured cppcheck include dirs: 
[1.032s] -- Configured cppcheck exclude dirs and/or files: 
[1.047s] -- Added test 'flake8' to check Python code syntax and style conventions
[1.072s] -- Added test 'lint_cmake' to check CMake code style
[1.086s] -- Added test 'pep257' to check Python code against some of the docstring style conventions in PEP 257
[1.172s] -- Added test 'uncrustify' to check C / C++ code style
[1.172s] -- Configured uncrustify additional arguments: 
[1.185s] -- Added test 'xmllint' to check XML markup files
[1.216s] -- Configuring incomplete, errors occurred!
[1.216s] See also "/home/cs0/ddanie31/csci458_ws/src/build/mecanum_robot/CMakeFiles/CMakeOutput.log".
[1.223s] Invoked command in '/home/cs0/ddanie31/csci458_ws/src/build/mecanum_robot' returned '1': CMAKE_PREFIX_PATH=/opt/ros/humble /usr/bin/cmake /home/cs0/ddanie31/csci458_ws/src/mecanum_robot -DAMENT_CMAKE_SYMLINK_INSTALL=1 -DCMAKE_INSTALL_PREFIX=/home/cs0/ddanie31/csci458_ws/src/install/mecanum_robot
