-- Found ament_cmake: 1.3.14 (/opt/ros/humble/share/ament_cmake/cmake)
-- Override CMake install command with custom implementation using symlinks instead of copying resources
-- Found ament_lint_auto: 0.12.15 (/opt/ros/humble/share/ament_lint_auto/cmake)
-- Added test 'cppcheck' to perform static code analysis on C / C++ code
-- Configured cppcheck include dirs: 
-- Configured cppcheck exclude dirs and/or files: 
-- Added test 'flake8' to check Python code syntax and style conventions
-- Added test 'lint_cmake' to check CMake code style
-- Added test 'pep257' to check Python code against some of the docstring style conventions in PEP 257
-- Added test 'uncrustify' to check C / C++ code style
-- Configured uncrustify additional arguments: 
-- Added test 'xmllint' to check XML markup files
-- Configuring done
-- Generating done
-- Build files have been written to: /home/cs0/ddanie31/csci458_ws/build/mecanum_robot
-- Install configuration: ""
-- Execute custom install script
-- Up-to-date symlink: /home/cs0/ddanie31/csci458_ws/install/mecanum_robot/share/mecanum_robot/urdf/mecanum_robot.urdf.xacro
-- Up-to-date symlink: /home/cs0/ddanie31/csci458_ws/install/mecanum_robot/share/mecanum_robot/urdf/mecanum_robot.urdf.xacro~
-- Up-to-date symlink: /home/cs0/ddanie31/csci458_ws/install/mecanum_robot/share/mecanum_robot/worlds/small_room.world
-- Up-to-date symlink: /home/cs0/ddanie31/csci458_ws/install/mecanum_robot/share/mecanum_robot/launch/mecanum_world.launch.py
-- Symlinking: /home/cs0/ddanie31/csci458_ws/install/mecanum_robot/lib/mecanum_robot/forward_kinematics_node.py
-- Symlinking: /home/cs0/ddanie31/csci458_ws/install/mecanum_robot/lib/mecanum_robot/robot_controller_node.py
-- Up-to-date symlink: /home/cs0/ddanie31/csci458_ws/install/mecanum_robot/share/ament_index/resource_index/package_run_dependencies/mecanum_robot
-- Up-to-date symlink: /home/cs0/ddanie31/csci458_ws/install/mecanum_robot/share/ament_index/resource_index/parent_prefix_path/mecanum_robot
-- Up-to-date symlink: /home/cs0/ddanie31/csci458_ws/install/mecanum_robot/share/mecanum_robot/environment/ament_prefix_path.sh
-- Up-to-date symlink: /home/cs0/ddanie31/csci458_ws/install/mecanum_robot/share/mecanum_robot/environment/ament_prefix_path.dsv
-- Up-to-date symlink: /home/cs0/ddanie31/csci458_ws/install/mecanum_robot/share/mecanum_robot/environment/path.sh
-- Up-to-date symlink: /home/cs0/ddanie31/csci458_ws/install/mecanum_robot/share/mecanum_robot/environment/path.dsv
-- Up-to-date symlink: /home/cs0/ddanie31/csci458_ws/install/mecanum_robot/share/mecanum_robot/local_setup.bash
-- Up-to-date symlink: /home/cs0/ddanie31/csci458_ws/install/mecanum_robot/share/mecanum_robot/local_setup.sh
-- Up-to-date symlink: /home/cs0/ddanie31/csci458_ws/install/mecanum_robot/share/mecanum_robot/local_setup.zsh
-- Up-to-date symlink: /home/cs0/ddanie31/csci458_ws/install/mecanum_robot/share/mecanum_robot/local_setup.dsv
-- Symlinking: /home/cs0/ddanie31/csci458_ws/install/mecanum_robot/share/mecanum_robot/package.dsv
-- Up-to-date symlink: /home/cs0/ddanie31/csci458_ws/install/mecanum_robot/share/ament_index/resource_index/packages/mecanum_robot
-- Up-to-date symlink: /home/cs0/ddanie31/csci458_ws/install/mecanum_robot/share/mecanum_robot/cmake/mecanum_robotConfig.cmake
-- Up-to-date symlink: /home/cs0/ddanie31/csci458_ws/install/mecanum_robot/share/mecanum_robot/cmake/mecanum_robotConfig-version.cmake
-- Up-to-date symlink: /home/cs0/ddanie31/csci458_ws/install/mecanum_robot/share/mecanum_robot/package.xml
