[0.063s] Invoking command in '/home/cs0/ddanie31/csci458_ws/build/mecanum_robot': CMAKE_PREFIX_PATH=${CMAKE_PREFIX_PATH}:/opt/ros/humble /usr/bin/cmake --build /home/cs0/ddanie31/csci458_ws/build/mecanum_robot -- -j16 -l16
[0.188s] -- Found ament_cmake: 1.3.14 (/opt/ros/humble/share/ament_cmake/cmake)
[0.290s] -- Override CMake install command with custom implementation using symlinks instead of copying resources
[0.349s] -- Found ament_lint_auto: 0.12.15 (/opt/ros/humble/share/ament_lint_auto/cmake)
[0.581s] -- Added test 'cppcheck' to perform static code analysis on C / C++ code
[0.581s] -- Configured cppcheck include dirs: 
[0.581s] -- Configured cppcheck exclude dirs and/or files: 
[0.591s] -- Added test 'flake8' to check Python code syntax and style conventions
[0.611s] -- Added test 'lint_cmake' to check CMake code style
[0.622s] -- Added test 'pep257' to check Python code against some of the docstring style conventions in PEP 257
[0.705s] -- Added test 'uncrustify' to check C / C++ code style
[0.705s] -- Configured uncrustify additional arguments: 
[0.717s] -- Added test 'xmllint' to check XML markup files
[0.738s] -- Configuring done
[0.806s] -- Generating done
[0.843s] -- Build files have been written to: /home/cs0/ddanie31/csci458_ws/build/mecanum_robot
[0.857s] Invoked command in '/home/cs0/ddanie31/csci458_ws/build/mecanum_robot' returned '0': CMAKE_PREFIX_PATH=${CMAKE_PREFIX_PATH}:/opt/ros/humble /usr/bin/cmake --build /home/cs0/ddanie31/csci458_ws/build/mecanum_robot -- -j16 -l16
[0.870s] Invoking command in '/home/cs0/ddanie31/csci458_ws/build/mecanum_robot': CMAKE_PREFIX_PATH=${CMAKE_PREFIX_PATH}:/opt/ros/humble /usr/bin/cmake --install /home/cs0/ddanie31/csci458_ws/build/mecanum_robot
[0.875s] -- Install configuration: ""
[0.878s] -- Execute custom install script
[0.902s] -- Up-to-date symlink: /home/cs0/ddanie31/csci458_ws/install/mecanum_robot/share/mecanum_robot/urdf/mecanum_robot.urdf.xacro
[0.905s] -- Up-to-date symlink: /home/cs0/ddanie31/csci458_ws/install/mecanum_robot/share/mecanum_robot/urdf/mecanum_robot.urdf.xacro~
[0.934s] -- Up-to-date symlink: /home/cs0/ddanie31/csci458_ws/install/mecanum_robot/share/mecanum_robot/worlds/small_room.world
[0.939s] -- Up-to-date symlink: /home/cs0/ddanie31/csci458_ws/install/mecanum_robot/share/mecanum_robot/launch/mecanum_world.launch.py
[0.945s] -- Symlinking: /home/cs0/ddanie31/csci458_ws/install/mecanum_robot/lib/mecanum_robot/forward_kinematics_node.py
[0.955s] -- Symlinking: /home/cs0/ddanie31/csci458_ws/install/mecanum_robot/lib/mecanum_robot/robot_controller_node.py
[0.966s] -- Up-to-date symlink: /home/cs0/ddanie31/csci458_ws/install/mecanum_robot/share/ament_index/resource_index/package_run_dependencies/mecanum_robot
[0.974s] -- Up-to-date symlink: /home/cs0/ddanie31/csci458_ws/install/mecanum_robot/share/ament_index/resource_index/parent_prefix_path/mecanum_robot
[0.977s] -- Up-to-date symlink: /home/cs0/ddanie31/csci458_ws/install/mecanum_robot/share/mecanum_robot/environment/ament_prefix_path.sh
[0.978s] -- Up-to-date symlink: /home/cs0/ddanie31/csci458_ws/install/mecanum_robot/share/mecanum_robot/environment/ament_prefix_path.dsv
[0.980s] -- Up-to-date symlink: /home/cs0/ddanie31/csci458_ws/install/mecanum_robot/share/mecanum_robot/environment/path.sh
[0.981s] -- Up-to-date symlink: /home/cs0/ddanie31/csci458_ws/install/mecanum_robot/share/mecanum_robot/environment/path.dsv
[1.018s] -- Up-to-date symlink: /home/cs0/ddanie31/csci458_ws/install/mecanum_robot/share/mecanum_robot/local_setup.bash
[1.021s] -- Up-to-date symlink: /home/cs0/ddanie31/csci458_ws/install/mecanum_robot/share/mecanum_robot/local_setup.sh
[1.024s] -- Up-to-date symlink: /home/cs0/ddanie31/csci458_ws/install/mecanum_robot/share/mecanum_robot/local_setup.zsh
[1.025s] -- Up-to-date symlink: /home/cs0/ddanie31/csci458_ws/install/mecanum_robot/share/mecanum_robot/local_setup.dsv
[1.027s] -- Symlinking: /home/cs0/ddanie31/csci458_ws/install/mecanum_robot/share/mecanum_robot/package.dsv
[1.036s] -- Up-to-date symlink: /home/cs0/ddanie31/csci458_ws/install/mecanum_robot/share/ament_index/resource_index/packages/mecanum_robot
[1.039s] -- Up-to-date symlink: /home/cs0/ddanie31/csci458_ws/install/mecanum_robot/share/mecanum_robot/cmake/mecanum_robotConfig.cmake
[1.041s] -- Up-to-date symlink: /home/cs0/ddanie31/csci458_ws/install/mecanum_robot/share/mecanum_robot/cmake/mecanum_robotConfig-version.cmake
[1.043s] -- Up-to-date symlink: /home/cs0/ddanie31/csci458_ws/install/mecanum_robot/share/mecanum_robot/package.xml
[1.045s] Invoked command in '/home/cs0/ddanie31/csci458_ws/build/mecanum_robot' returned '0': CMAKE_PREFIX_PATH=${CMAKE_PREFIX_PATH}:/opt/ros/humble /usr/bin/cmake --install /home/cs0/ddanie31/csci458_ws/build/mecanum_robot
