-- The C compiler identification is GNU 11.4.0
-- The CXX compiler identification is GNU 11.4.0
-- Detecting C compiler ABI info
-- Detecting C compiler ABI info - done
-- Check for working C compiler: /usr/bin/cc - skipped
-- Detecting C compile features
-- Detecting C compile features - done
-- Detecting CXX compiler ABI info
-- Detecting CXX compiler ABI info - done
-- Check for working CXX compiler: /usr/bin/c++ - skipped
-- Detecting CXX compile features
-- Detecting CXX compile features - done
-- Found ament_cmake: 1.3.14 (/opt/ros/humble/share/ament_cmake/cmake)
-- Found Python3: /usr/bin/python3 (found version "3.10.12") found components: Interpreter 
-- Override CMake install command with custom implementation using symlinks instead of copying resources
-- Found ament_lint_auto: 0.12.15 (/opt/ros/humble/share/ament_lint_auto/cmake)
-- Added test 'lint_cmake' to check CMake code style
-- Added test 'xmllint' to check XML markup files
-- Configuring done
-- Generating done
-- Build files have been written to: /home/dylan/csci458_ws/build/mecanum_robot
-- Install configuration: ""
-- Execute custom install script
-- Symlinking: /home/dylan/csci458_ws/install/mecanum_robot/share/mecanum_robot/urdf/mecanum_robot.urdf.xacro
-- Symlinking: /home/dylan/csci458_ws/install/mecanum_robot/share/ament_index/resource_index/package_run_dependencies/mecanum_robot
-- Symlinking: /home/dylan/csci458_ws/install/mecanum_robot/share/ament_index/resource_index/parent_prefix_path/mecanum_robot
-- Symlinking: /home/dylan/csci458_ws/install/mecanum_robot/share/mecanum_robot/environment/ament_prefix_path.sh
-- Symlinking: /home/dylan/csci458_ws/install/mecanum_robot/share/mecanum_robot/environment/ament_prefix_path.dsv
-- Symlinking: /home/dylan/csci458_ws/install/mecanum_robot/share/mecanum_robot/environment/path.sh
-- Symlinking: /home/dylan/csci458_ws/install/mecanum_robot/share/mecanum_robot/environment/path.dsv
-- Symlinking: /home/dylan/csci458_ws/install/mecanum_robot/share/mecanum_robot/local_setup.bash
-- Symlinking: /home/dylan/csci458_ws/install/mecanum_robot/share/mecanum_robot/local_setup.sh
-- Symlinking: /home/dylan/csci458_ws/install/mecanum_robot/share/mecanum_robot/local_setup.zsh
-- Symlinking: /home/dylan/csci458_ws/install/mecanum_robot/share/mecanum_robot/local_setup.dsv
-- Symlinking: /home/dylan/csci458_ws/install/mecanum_robot/share/mecanum_robot/package.dsv
-- Symlinking: /home/dylan/csci458_ws/install/mecanum_robot/share/ament_index/resource_index/packages/mecanum_robot
-- Symlinking: /home/dylan/csci458_ws/install/mecanum_robot/share/mecanum_robot/cmake/mecanum_robotConfig.cmake
-- Symlinking: /home/dylan/csci458_ws/install/mecanum_robot/share/mecanum_robot/cmake/mecanum_robotConfig-version.cmake
-- Symlinking: /home/dylan/csci458_ws/install/mecanum_robot/share/mecanum_robot/package.xml
