[0.012s] Invoking command in '/home/dylan/csci458_ws/build/mecanum_robot': CMAKE_PREFIX_PATH=/opt/ros/humble /usr/bin/cmake /home/dylan/csci458_ws/src/mecanum_robot -DAMENT_CMAKE_SYMLINK_INSTALL=1 -DCMAKE_INSTALL_PREFIX=/home/dylan/csci458_ws/install/mecanum_robot
[0.283s] -- The C compiler identification is GNU 11.4.0
[1.063s] -- The CXX compiler identification is GNU 11.4.0
[1.642s] -- Detecting C compiler ABI info
[1.855s] -- Detecting C compiler ABI info - done
[1.859s] -- Check for working C compiler: /usr/bin/cc - skipped
[1.859s] -- Detecting C compile features
[1.860s] -- Detecting C compile features - done
[1.862s] -- Detecting CXX compiler ABI info
[2.073s] -- Detecting CXX compiler ABI info - done
[2.077s] -- Check for working CXX compiler: /usr/bin/c++ - skipped
[2.077s] -- Detecting CXX compile features
[2.077s] -- Detecting CXX compile features - done
[2.089s] -- Found ament_cmake: 1.3.14 (/opt/ros/humble/share/ament_cmake/cmake)
[2.191s] -- Found Python3: /usr/bin/python3 (found version "3.10.12") found components: Interpreter 
[2.237s] -- Override CMake install command with custom implementation using symlinks instead of copying resources
[2.273s] -- Found ament_lint_auto: 0.12.15 (/opt/ros/humble/share/ament_lint_auto/cmake)
[2.332s] -- Added test 'lint_cmake' to check CMake code style
[2.334s] -- Added test 'xmllint' to check XML markup files
[2.336s] -- Configuring done
[2.341s] -- Generating done
[2.342s] -- Build files have been written to: /home/dylan/csci458_ws/build/mecanum_robot
[2.347s] Invoked command in '/home/dylan/csci458_ws/build/mecanum_robot' returned '0': CMAKE_PREFIX_PATH=/opt/ros/humble /usr/bin/cmake /home/dylan/csci458_ws/src/mecanum_robot -DAMENT_CMAKE_SYMLINK_INSTALL=1 -DCMAKE_INSTALL_PREFIX=/home/dylan/csci458_ws/install/mecanum_robot
[2.349s] Invoking command in '/home/dylan/csci458_ws/build/mecanum_robot': CMAKE_PREFIX_PATH=/opt/ros/humble /usr/bin/cmake --build /home/dylan/csci458_ws/build/mecanum_robot -- -j16 -l16
[2.380s] Invoked command in '/home/dylan/csci458_ws/build/mecanum_robot' returned '0': CMAKE_PREFIX_PATH=/opt/ros/humble /usr/bin/cmake --build /home/dylan/csci458_ws/build/mecanum_robot -- -j16 -l16
[2.388s] Invoking command in '/home/dylan/csci458_ws/build/mecanum_robot': CMAKE_PREFIX_PATH=/opt/ros/humble /usr/bin/cmake --install /home/dylan/csci458_ws/build/mecanum_robot
[2.393s] -- Install configuration: ""
[2.393s] -- Execute custom install script
[2.395s] -- Symlinking: /home/dylan/csci458_ws/install/mecanum_robot/share/mecanum_robot/urdf/mecanum_robot.urdf.xacro
[2.404s] -- Symlinking: /home/dylan/csci458_ws/install/mecanum_robot/share/ament_index/resource_index/package_run_dependencies/mecanum_robot
[2.411s] -- Symlinking: /home/dylan/csci458_ws/install/mecanum_robot/share/ament_index/resource_index/parent_prefix_path/mecanum_robot
[2.418s] -- Symlinking: /home/dylan/csci458_ws/install/mecanum_robot/share/mecanum_robot/environment/ament_prefix_path.sh
[2.425s] -- Symlinking: /home/dylan/csci458_ws/install/mecanum_robot/share/mecanum_robot/environment/ament_prefix_path.dsv
[2.432s] -- Symlinking: /home/dylan/csci458_ws/install/mecanum_robot/share/mecanum_robot/environment/path.sh
[2.438s] -- Symlinking: /home/dylan/csci458_ws/install/mecanum_robot/share/mecanum_robot/environment/path.dsv
[2.444s] -- Symlinking: /home/dylan/csci458_ws/install/mecanum_robot/share/mecanum_robot/local_setup.bash
[2.451s] -- Symlinking: /home/dylan/csci458_ws/install/mecanum_robot/share/mecanum_robot/local_setup.sh
[2.457s] -- Symlinking: /home/dylan/csci458_ws/install/mecanum_robot/share/mecanum_robot/local_setup.zsh
[2.464s] -- Symlinking: /home/dylan/csci458_ws/install/mecanum_robot/share/mecanum_robot/local_setup.dsv
[2.471s] -- Symlinking: /home/dylan/csci458_ws/install/mecanum_robot/share/mecanum_robot/package.dsv
[2.478s] -- Symlinking: /home/dylan/csci458_ws/install/mecanum_robot/share/ament_index/resource_index/packages/mecanum_robot
[2.485s] -- Symlinking: /home/dylan/csci458_ws/install/mecanum_robot/share/mecanum_robot/cmake/mecanum_robotConfig.cmake
[2.492s] -- Symlinking: /home/dylan/csci458_ws/install/mecanum_robot/share/mecanum_robot/cmake/mecanum_robotConfig-version.cmake
[2.498s] -- Symlinking: /home/dylan/csci458_ws/install/mecanum_robot/share/mecanum_robot/package.xml
[2.507s] Invoked command in '/home/dylan/csci458_ws/build/mecanum_robot' returned '0': CMAKE_PREFIX_PATH=/opt/ros/humble /usr/bin/cmake --install /home/dylan/csci458_ws/build/mecanum_robot
